Microchip MPLAB XC8 Compiler V2.40

Linker command line:

-W-3 \
  --edf=C:\Program Files\Microchip\xc8\v2.40\pic\dat\20220703182018_en.msgs \
  -cn -h+dist/default/production\Proyecto_Garra.production.sym \
  --cmf=dist/default/production\Proyecto_Garra.production.cmf -z -Q16F887 \
  -oC:\Users\Migue\AppData\Local\Temp\xcAss9g.4 --defsym=__MPLAB_BUILD=1 \
  --fixupoverflow=error \
  -Mdist/default/production/Proyecto_Garra.production.map \
  --md=C:\Users\Migue\AppData\Local\Temp\xcAss9g.dat -E1 -ver=XC8 Compiler \
  --acfsm=1493 -ACODE=00h-07FFhx4 -ASTRCODE=00h-01FFFh -ASTRING=00h-0FFhx32 \
  -ACONST=00h-0FFhx32 -AENTRY=00h-0FFhx32 -ACOMMON=070h-07Fh \
  -ABANK0=020h-06Fh -ABANK1=0A0h-0EFh -ABANK2=0110h-016Fh \
  -ABANK3=0190h-01EFh -ARAM=020h-06Fh,0A0h-0EFh,0110h-016Fh,0190h-01EFh \
  -AABS1=020h-07Fh,0A0h-0EFh,0110h-016Fh,0190h-01EFh -ASFR0=00h-01Fh \
  -ASFR1=080h-09Fh -ASFR2=0100h-010Fh -ASFR3=0180h-018Fh \
  -ACONFIG=02007h-02008h -DCONFIG=2 -AIDLOC=02000h-02003h -DIDLOC=2 \
  -AEEDATA=00h-0FFh/02100h -peeprom_data=EEDATA -DEEDATA=2 -DCODE=2 \
  -DSTRCODE=2 -DSTRING=2 -DCONST=2 -DENTRY=2 \
  -preset_vec=00h,intentry=04h,init,end_init -ppowerup=CODE -pcinit=CODE \
  -pfunctab=ENTRY -k C:\Users\Migue\AppData\Local\Temp\xcAss9g.o \
  dist/default/production\Proyecto_Garra.production.o 

Object code version is 3.11

Machine type is 16F887



                Name                               Link     Load   Length Selector   Space Scale
C:\Users\Migue\AppData\Local\Temp\xcAss9g.o
                end_init                              C        C        3        8       0
                reset_vec                             0        0        3        0       0
                config                             2007     2007        2        0       4
                idloc                              2000     2000        4        0       5
dist/default/production\Proyecto_Garra.production.o
                cinit                                 F        F       16        8       0
                intentry                              4        4        8        8       0
                config                             2007     2007        2        0       4
                idloc                              2000     2000        4        0       5
                text15                              E97      E97       1D     1D2E       0
                text14                              36A      36A      258        8       0
                text13                              EFA      EFA       29     1DF4       0
                text12                               25       25      345        8       0
                text11                              F88      F88       78     1F10       0
                text10                              5C2      5C2       BA        8       0
                text9                               78C      78C       73        8       0
                text8                               705      705       87        8       0
                text7                               67C      67C       89        8       0
                text6                               E61      E61        D     1CC2       0
                text5                               F23      F23       2D     1E46       0
                text4                               ED3      ED3       27     1DA6       0
                text3                               EB4      EB4       1F     1D68       0
                text2                               E7D      E7D       1A     1CFA       0
                text1                               E6E      E6E        F     1CDC       0
                maintext                            F50      F50       38     1EA0       0
                cstackBANK0                          20       20       48       20       1
                cstackCOMMON                         70       70        9       70       1
                cstackBANK1                          A4       A4        1       A0       1
                bssBANK1                             A0       A0        4       A0       1
                bssBANK0                             68       68        8       20       1
                bssCOMMON                            79       79        2       70       1

TOTAL           Name                               Link     Load   Length     Space
        CLASS   CODE           
                end_init                              C        C        3         0
                cinit                                 F        F       16         0
                intentry                              4        4        8         0
                reset_vec                             0        0        3         0
                text15                              E97      E97       1D         0
                text14                              36A      36A      258         0
                text13                              EFA      EFA       29         0
                text12                               25       25      345         0
                text11                              F88      F88       78         0
                text10                              5C2      5C2       BA         0
                text9                               78C      78C       73         0
                text8                               705      705       87         0
                text7                               67C      67C       89         0
                text6                               E61      E61        D         0
                text5                               F23      F23       2D         0
                text4                               ED3      ED3       27         0
                text3                               EB4      EB4       1F         0
                text2                               E7D      E7D       1A         0
                text1                               E6E      E6E        F         0
                maintext                            F50      F50       38         0

        CLASS   STRCODE        

        CLASS   STRING         

        CLASS   CONST          

        CLASS   ENTRY          

        CLASS   COMMON         
                cstackCOMMON                         70       70        9         1
                bssCOMMON                            79       79        2         1

        CLASS   BANK0          
                cstackBANK0                          20       20       48         1
                bssBANK0                             68       68        8         1

        CLASS   BANK1          
                cstackBANK1                          A4       A4        1         1
                bssBANK1                             A0       A0        4         1

        CLASS   BANK2          

        CLASS   BANK3          

        CLASS   RAM            

        CLASS   ABS1           
                abs_s1                               7E       7E        2         1

        CLASS   SFR0           

        CLASS   SFR1           

        CLASS   SFR2           

        CLASS   SFR3           

        CLASS   CONFIG         
                config                             2007     2007        2         4

        CLASS   IDLOC          
                idloc                              2000     2000        4         5

        CLASS   EEDATA         

        CLASS   STACK          



SEGMENTS        Name                           Load    Length   Top    Selector   Space  Class     Delta

                reset_vec                      000000  000003  000003         0       0  CODE        2
                intentry                       000004  0007FB  0007FF         8       0  CODE        2
                cstackBANK0                    000020  000050  000070        20       1  BANK0       1
                cstackCOMMON                   000070  00000B  00007B        70       1  COMMON      1
                bssBANK1                       0000A0  000005  0000A5        A0       1  BANK1       1
                text6                          000E61  00000D  000E6E      1CC2       0  CODE        2
                text1                          000E6E  00000F  000E7D      1CDC       0  CODE        2
                text2                          000E7D  00001A  000E97      1CFA       0  CODE        2
                text15                         000E97  00001D  000EB4      1D2E       0  CODE        2
                text3                          000EB4  00001F  000ED3      1D68       0  CODE        2
                text4                          000ED3  000027  000EFA      1DA6       0  CODE        2
                text13                         000EFA  000029  000F23      1DF4       0  CODE        2
                text5                          000F23  00002D  000F50      1E46       0  CODE        2
                maintext                       000F50  000038  000F88      1EA0       0  CODE        2
                text11                         000F88  000078  001000      1F10       0  CODE        2


UNUSED ADDRESS RANGES

        Name                Unused          Largest block    Delta
        BANK1            00A5-00EF             4B           1
        BANK2            0110-016F             60           1
        BANK3            0190-01EF             60           1
        CODE             0003-0003              1           2
                         07FF-0E60              1
                         1000-1FFF            800
        COMMON           007B-007D              3           1
        CONST            0003-0003              1           2
                         07FF-0E60            100
                         1000-1FFF            100
        EEDATA           2100-21FF            100           2
        ENTRY            0003-0003              1           2
                         07FF-0E60            100
                         1000-1FFF            100
        RAM              00A5-00EF             4B           1
                         0110-016F             60
                         0190-01EF             60
        SFR0             0000-001F             20           1
        SFR1             0080-009F             20           1
        SFR2             0100-010F             10           1
        SFR3             0180-018F             10           1
        STRCODE          0003-0003              1           2
                         07FF-0E60            662
                         1000-1FFF           1000
        STRING           0003-0003              1           2
                         07FF-0E60            100
                         1000-1FFF            100

                                  Symbol Table

?__Umul8_16              cstackCOMMON 0073
?___fladd                cstackBANK0  0044
?___flmul                cstackBANK0  002A
?___fltol                cstackBANK0  0058
?___xxtofl               cstackCOMMON 0073
_ADCON0bits              (abs)        001F
_ADCON1bits              (abs)        009F
_ADC_RES                 bssBANK0     006E
_ADIF                    (abs)        0066
_ADRESH                  (abs)        001E
_ADRESL                  (abs)        009E
_ANSELH                  (abs)        0189
_ANSELbits               (abs)        0188
_CCP1CON                 (abs)        0017
_CCP1CONbits             (abs)        0017
_CCP2CONbits             (abs)        001D
_CCPR1L                  (abs)        0015
_CCPR2L                  (abs)        001B
_INTCONbits              (abs)        000B
_OPTION_REGbits          (abs)        0081
_OSCCONbits              (abs)        008F
_PORTA                   (abs)        0005
_PORTC                   (abs)        0007
_PORTCbits               (abs)        0007
_PORTD                   (abs)        0008
_PR2                     (abs)        0092
_PWM1                    text9        078C
_T2CONbits               (abs)        0012
_TMR0                    (abs)        0001
_TMR2IF                  (abs)        0061
_TMR2ON                  (abs)        0092
_TRISAbits               (abs)        0085
_TRISC                   (abs)        0087
_TRISCbits               (abs)        0087
_TRISD                   (abs)        0088
__Habs1                  abs1         0000
__Hbank0                 bank0        0000
__Hbank1                 bank1        0000
__Hbank2                 bank2        0000
__Hbank3                 bank3        0000
__HbssBANK0              bssBANK0     0000
__HbssBANK1              bssBANK1     0000
__HbssCOMMON             bssCOMMON    0000
__Hcinit                 cinit        0025
__Hclrtext               clrtext      0000
__Hcode                  code         0000
__Hcommon                common       0000
__Hconfig                config       2009
__HcstackBANK0           cstackBANK0  0000
__HcstackBANK1           cstackBANK1  0000
__HcstackCOMMON          cstackCOMMON 0000
__Heeprom_data           eeprom_data  0000
__Hend_init              end_init     000F
__Hfunctab               functab      0000
__Hidloc                 idloc        2004
__Hinit                  init         000C
__Hintentry              intentry     000C
__Hmaintext              maintext     0000
__Hpowerup               powerup      0000
__Hram                   ram          0000
__Hreset_vec             reset_vec    0003
__Hsfr0                  sfr0         0000
__Hsfr1                  sfr1         0000
__Hsfr2                  sfr2         0000
__Hsfr3                  sfr3         0000
__Hspace_0               (abs)        1000
__Hspace_1               (abs)        00A5
__Hspace_2               (abs)        0000
__Hspace_3               (abs)        0000
__Hspace_4               (abs)        4010
__Hstack                 stack        0000
__Hstrings               strings      0000
__Htext                  text         0000
__Labs1                  abs1         0000
__Lbank0                 bank0        0000
__Lbank1                 bank1        0000
__Lbank2                 bank2        0000
__Lbank3                 bank3        0000
__LbssBANK0              bssBANK0     0000
__LbssBANK1              bssBANK1     0000
__LbssCOMMON             bssCOMMON    0000
__Lcinit                 cinit        000F
__Lclrtext               clrtext      0000
__Lcode                  code         0000
__Lcommon                common       0000
__Lconfig                config       0000
__LcstackBANK0           cstackBANK0  0000
__LcstackBANK1           cstackBANK1  0000
__LcstackCOMMON          cstackCOMMON 0000
__Leeprom_data           eeprom_data  0000
__Lend_init              end_init     000C
__Lfunctab               functab      0000
__Lidloc                 idloc        0000
__Linit                  init         000C
__Lintentry              intentry     0004
__Lmaintext              maintext     0000
__Lpowerup               powerup      0000
__Lram                   ram          0000
__Lreset_vec             reset_vec    0000
__Lsfr0                  sfr0         0000
__Lsfr1                  sfr1         0000
__Lsfr2                  sfr2         0000
__Lsfr3                  sfr3         0000
__Lspace_0               (abs)        0000
__Lspace_1               (abs)        0000
__Lspace_2               (abs)        0000
__Lspace_3               (abs)        0000
__Lspace_4               (abs)        0000
__Lstack                 stack        0000
__Lstrings               strings      0000
__Ltext                  text         0000
__S0                     (abs)        1000
__S1                     (abs)        00A5
__S3                     (abs)        0000
__Umul8_16               text13       0EFA
__Umul8_16@multiplicand  cstackCOMMON 0073
__Umul8_16@multiplier    cstackBANK0  0024
__Umul8_16@product       cstackBANK0  0020
__Umul8_16@word_mpld     cstackBANK0  0022
___fladd                 text14       036A
___fladd@a               cstackBANK0  0048
___fladd@aexp            cstackBANK0  0055
___fladd@b               cstackBANK0  0044
___fladd@bexp            cstackBANK0  0056
___fladd@grs             cstackBANK0  0057
___fladd@signs           cstackBANK0  0054
___flmul                 text12       0025
___flmul@a               cstackBANK0  002E
___flmul@aexp            cstackBANK0  003C
___flmul@b               cstackBANK0  002A
___flmul@bexp            cstackBANK0  003D
___flmul@grs             cstackBANK0  0038
___flmul@prod            cstackBANK0  003E
___flmul@sign            cstackBANK0  0037
___flmul@temp            cstackBANK0  0042
___fltol                 text11       0F88
___fltol@exp1            cstackCOMMON 0078
___fltol@f1              cstackBANK0  0058
___fltol@sign1           cstackCOMMON 0077
___int_sp                stack        0000
___latbits               (abs)        0002
___sp                    stack        0000
___stackhi               (abs)        0000
___stacklo               (abs)        0000
___xxtofl                text10       05C2
___xxtofl@arg            cstackBANK0  0026
___xxtofl@exp            cstackBANK0  0025
___xxtofl@sign           cstackBANK0  0024
___xxtofl@val            cstackCOMMON 0073
__end_of_PWM1            text9        07FF
__end_of__Umul8_16       text13       0F23
__end_of___fladd         text14       05C2
__end_of___flmul         text12       036A
__end_of___fltol         text11       1000
__end_of___xxtofl        text10       067C
__end_of__initialization cinit        0021
__end_of_controlmotores  text7        0705
__end_of_isr             text15       0EB4
__end_of_main            maintext     0F88
__end_of_map             text8        078C
__end_of_setup           text6        0E6E
__end_of_setupADC        text5        0F50
__end_of_setupINTOSC     text4        0EFA
__end_of_setupPWM        text3        0ED3
__end_of_setupPWM2       text2        0E97
__end_of_setupTMR0       text1        0E7D
__initialization         cinit        000F
__pbssBANK0              bssBANK0     0068
__pbssBANK1              bssBANK1     00A0
__pbssCOMMON             bssCOMMON    0079
__pcstackBANK0           cstackBANK0  0020
__pcstackBANK1           cstackBANK1  00A4
__pcstackCOMMON          cstackCOMMON 0070
__pintentry              intentry     0004
__pmaintext              maintext     0F50
__ptext1                 text1        0E6E
__ptext10                text10       05C2
__ptext11                text11       0F88
__ptext12                text12       0025
__ptext13                text13       0EFA
__ptext14                text14       036A
__ptext15                text15       0E97
__ptext2                 text2        0E7D
__ptext3                 text3        0EB4
__ptext4                 text4        0ED3
__ptext5                 text5        0F23
__ptext6                 text6        0E61
__ptext7                 text7        067C
__ptext8                 text8        0705
__ptext9                 text9        078C
_cont                    bssBANK1     00A0
_controlmotores          text7        067C
_isr                     text15       0E97
_main                    maintext     0F50
_map                     text8        0705
_pulso                   bssBANK0     0068
_setup                   text6        0E61
_setupADC                text5        0F23
_setupINTOSC             text4        0ED3
_setupPWM                text3        0EB4
_setupPWM2               text2        0E7D
_setupTMR0               text1        0E6E
_valDC                   bssBANK0     006C
_valDCH                  bssBANK0     006A
_valDCL                  bssCOMMON    0079
btemp                    (abs)        007E
end_of_initialization    cinit        0021
interrupt_function       intentry     0004
intlevel0                functab      0000
intlevel1                functab      0000
intlevel2                functab      0000
intlevel3                functab      0000
intlevel4                functab      0000
intlevel5                functab      0000
reset_vec                reset_vec    0000
saved_w                  (abs)        007E
setupINTOSC@IRCF         cstackCOMMON 0073
start                    init         000C
start_initialization     cinit        000F
wtemp0                   (abs)        007E


MODULE INFORMATION

Module		Function		Class		Link	Load	Size
C:\Program Files\Microchip\xc8\v2.40\pic\sources\c90\common\fltol.c
		___fltol       		CODE           	0F88	0000	120

C:\Program Files\Microchip\xc8\v2.40\pic\sources\c90\common\fltol.c estimated size: 120

C:\Program Files\Microchip\xc8\v2.40\pic\sources\c90\common\sprcmul.c
		___flmul       		CODE           	0025	0000	837

C:\Program Files\Microchip\xc8\v2.40\pic\sources\c90\common\sprcmul.c estimated size: 837

C:\Program Files\Microchip\xc8\v2.40\pic\sources\c90\common\Umul8_16.c
		__Umul8_16     		CODE           	0EFA	0000	41

C:\Program Files\Microchip\xc8\v2.40\pic\sources\c90\common\Umul8_16.c estimated size: 41

oscilador.c
		_setupINTOSC   		CODE           	0ED3	0000	39

oscilador.c estimated size: 39

shared
		__initialization		CODE           	000F	0000	18

shared estimated size: 18

C:\Program Files\Microchip\xc8\v2.40\pic\sources\c90\common\sprcadd.c
		___fladd       		CODE           	036A	0000	600

C:\Program Files\Microchip\xc8\v2.40\pic\sources\c90\common\sprcadd.c estimated size: 600

main.c
		_map           		CODE           	0705	0000	135
		_setupPWM      		CODE           	0EB4	0000	31
		_setupPWM2     		CODE           	0E7D	0000	26
		_main          		CODE           	0F50	0000	56
		_PWM1          		CODE           	078C	0000	115
		_isr           		CODE           	0E97	0000	29
		_controlmotores		CODE           	067C	0000	137
		_setupTMR0     		CODE           	0E6E	0000	15
		_setup         		CODE           	0E61	0000	13
		_setupADC      		CODE           	0F23	0000	45

main.c estimated size: 602

C:\Program Files\Microchip\xc8\v2.40\pic\sources\c90\common\xxtofl.c
		___xxtofl      		CODE           	05C2	0000	186

C:\Program Files\Microchip\xc8\v2.40\pic\sources\c90\common\xxtofl.c estimated size: 186

