Microchip MPLAB XC8 Compiler V2.40

Linker command line:

-W-3 \
  --edf=C:\Program Files\Microchip\xc8\v2.40\pic\dat\20220703182018_en.msgs \
  -cn -h+dist/default/production\Proyecto_Garra.production.sym \
  --cmf=dist/default/production\Proyecto_Garra.production.cmf -z -Q16F887 \
  -oC:\Users\Migue\AppData\Local\Temp\xcAsrh8.4 --defsym=__MPLAB_BUILD=1 \
  --fixupoverflow=error \
  -Mdist/default/production/Proyecto_Garra.production.map \
  --md=C:\Users\Migue\AppData\Local\Temp\xcAsrh8.dat -E1 -ver=XC8 Compiler \
  --acfsm=1493 -ACODE=00h-07FFhx4 -ASTRCODE=00h-01FFFh -ASTRING=00h-0FFhx32 \
  -ACONST=00h-0FFhx32 -AENTRY=00h-0FFhx32 -ACOMMON=070h-07Fh \
  -ABANK0=020h-06Fh -ABANK1=0A0h-0EFh -ABANK2=0110h-016Fh \
  -ABANK3=0190h-01EFh -ARAM=020h-06Fh,0A0h-0EFh,0110h-016Fh,0190h-01EFh \
  -AABS1=020h-07Fh,0A0h-0EFh,0110h-016Fh,0190h-01EFh -ASFR0=00h-01Fh \
  -ASFR1=080h-09Fh -ASFR2=0100h-010Fh -ASFR3=0180h-018Fh \
  -ACONFIG=02007h-02008h -DCONFIG=2 -AIDLOC=02000h-02003h -DIDLOC=2 \
  -AEEDATA=00h-0FFh/02100h -peeprom_data=EEDATA -DEEDATA=2 -DCODE=2 \
  -DSTRCODE=2 -DSTRING=2 -DCONST=2 -DENTRY=2 \
  -preset_vec=00h,intentry=04h,init,end_init -ppowerup=CODE -pcinit=CODE \
  -pfunctab=ENTRY -k C:\Users\Migue\AppData\Local\Temp\xcAsrh8.o \
  dist/default/production\Proyecto_Garra.production.o 

Object code version is 3.11

Machine type is 16F887



                Name                               Link     Load   Length Selector   Space Scale
C:\Users\Migue\AppData\Local\Temp\xcAsrh8.o
                end_init                              C        C        3        8       0
                reset_vec                             0        0        3        0       0
                config                             2007     2007        2        0       4
                idloc                              2000     2000        4        0       5
dist/default/production\Proyecto_Garra.production.o
                cinit                                 F        F       16        8       0
                intentry                              4        4        8        8       0
                config                             2007     2007        2        0       4
                idloc                              2000     2000        4        0       5
                text17                              E23      E23       73     1C46       0
                text16                              36A      36A      258        8       0
                text15                              D8D      D8D       29     1B1A       0
                text14                               25       25      345        8       0
                text13                              F0D      F0D       78     1E1A       0
                text12                              67E      67E       BA        8       0
                text11                              E96      E96       77     1D2C       0
                text10                              F85      F85       7B     1F0A       0
                text9                               738      738       9D        8       0
                text8                               5C2      5C2       BC        8       0
                text7                               D15      D15        D     1A2A       0
                text6                               DB6      DB6       2E     1B6C       0
                text5                               7D5      7D5       2B        8       0
                text4                               D66      D66       27     1ACC       0
                text3                               D44      D44       22     1A88       0
                text2                               D22      D22        F     1A44       0
                text1                               D31      D31       13     1A62       0
                maintext                            DE4      DE4       3F     1BC8       0
                cstackBANK0                          20       20       4F       20       1
                cstackCOMMON                         70       70        B       70       1
                bssBANK1                             A0       A0        E       A0       1
                bssCOMMON                            7B       7B        2       70       1

TOTAL           Name                               Link     Load   Length     Space
        CLASS   CODE           
                end_init                              C        C        3         0
                cinit                                 F        F       16         0
                intentry                              4        4        8         0
                reset_vec                             0        0        3         0
                text17                              E23      E23       73         0
                text16                              36A      36A      258         0
                text15                              D8D      D8D       29         0
                text14                               25       25      345         0
                text13                              F0D      F0D       78         0
                text12                              67E      67E       BA         0
                text11                              E96      E96       77         0
                text10                              F85      F85       7B         0
                text9                               738      738       9D         0
                text8                               5C2      5C2       BC         0
                text7                               D15      D15        D         0
                text6                               DB6      DB6       2E         0
                text5                               7D5      7D5       2B         0
                text4                               D66      D66       27         0
                text3                               D44      D44       22         0
                text2                               D22      D22        F         0
                text1                               D31      D31       13         0
                maintext                            DE4      DE4       3F         0

        CLASS   STRCODE        

        CLASS   STRING         

        CLASS   CONST          

        CLASS   ENTRY          

        CLASS   COMMON         
                cstackCOMMON                         70       70        B         1
                bssCOMMON                            7B       7B        2         1

        CLASS   BANK0          
                cstackBANK0                          20       20       4F         1

        CLASS   BANK1          
                bssBANK1                             A0       A0        E         1

        CLASS   BANK2          

        CLASS   BANK3          

        CLASS   RAM            

        CLASS   ABS1           
                abs_s1                               7E       7E        2         1

        CLASS   SFR0           

        CLASS   SFR1           

        CLASS   SFR2           

        CLASS   SFR3           

        CLASS   CONFIG         
                config                             2007     2007        2         4

        CLASS   IDLOC          
                idloc                              2000     2000        4         5

        CLASS   EEDATA         

        CLASS   STACK          



SEGMENTS        Name                           Load    Length   Top    Selector   Space  Class     Delta

                reset_vec                      000000  000003  000003         0       0  CODE        2
                intentry                       000004  0007FC  000800         8       0  CODE        2
                cstackBANK0                    000020  00004F  00006F        20       1  BANK0       1
                cstackCOMMON                   000070  00000D  00007D        70       1  COMMON      1
                bssBANK1                       0000A0  00000E  0000AE        A0       1  BANK1       1
                text7                          000D15  00000D  000D22      1A2A       0  CODE        2
                text2                          000D22  00000F  000D31      1A44       0  CODE        2
                text1                          000D31  000013  000D44      1A62       0  CODE        2
                text3                          000D44  000022  000D66      1A88       0  CODE        2
                text4                          000D66  000027  000D8D      1ACC       0  CODE        2
                text15                         000D8D  000029  000DB6      1B1A       0  CODE        2
                text6                          000DB6  00002E  000DE4      1B6C       0  CODE        2
                maintext                       000DE4  00003F  000E23      1BC8       0  CODE        2
                text17                         000E23  000073  000E96      1C46       0  CODE        2
                text11                         000E96  000077  000F0D      1D2C       0  CODE        2
                text13                         000F0D  000078  000F85      1E1A       0  CODE        2
                text10                         000F85  00007B  001000      1F0A       0  CODE        2


UNUSED ADDRESS RANGES

        Name                Unused          Largest block    Delta
        BANK0            006F-006F              1           1
        BANK1            00AE-00EF             42           1
        BANK2            0110-016F             60           1
        BANK3            0190-01EF             60           1
        CODE             0003-0003              1           2
                         0800-0D14            515
                         1000-1FFF            800
        COMMON           007D-007D              1           1
        CONST            0003-0003              1           2
                         0800-0D14            100
                         1000-1FFF            100
        EEDATA           2100-21FF            100           2
        ENTRY            0003-0003              1           2
                         0800-0D14            100
                         1000-1FFF            100
        RAM              006F-006F              1           1
                         00AE-00EF             42
                         0110-016F             60
                         0190-01EF             60
        SFR0             0000-001F             20           1
        SFR1             0080-009F             20           1
        SFR2             0100-010F             10           1
        SFR3             0180-018F             10           1
        STRCODE          0003-0003              1           2
                         0800-0D14            515
                         1000-1FFF           1000
        STRING           0003-0003              1           2
                         0800-0D14            100
                         1000-1FFF            100

                                  Symbol Table

?__Umul8_16              cstackBANK0  0020
?___fladd                cstackBANK0  0048
?___flmul                cstackBANK0  002E
?___fltol                cstackBANK0  005C
?___xxtofl               cstackBANK0  0020
_ADCON0bits              (abs)        001F
_ADCON1bits              (abs)        009F
_ADC_RES                 bssBANK1     00AC
_ADIF                    (abs)        0066
_ADRESH                  (abs)        001E
_ADRESL                  (abs)        009E
_ANSELH                  (abs)        0189
_ANSELbits               (abs)        0188
_CCP1CON                 (abs)        0017
_CCP1CONbits             (abs)        0017
_CCP2CONbits             (abs)        001D
_CCPR1L                  (abs)        0015
_CCPR2L                  (abs)        001B
_INTCONbits              (abs)        000B
_OPTION_REGbits          (abs)        0081
_OSCCONbits              (abs)        008F
_PIE1bits                (abs)        008C
_PIR1bits                (abs)        000C
_PORTA                   (abs)        0005
_PORTC                   (abs)        0007
_PORTCbits               (abs)        0007
_PORTD                   (abs)        0008
_PR2                     (abs)        0092
_PWM1                    text11       0E96
_PWM2                    text10       0F85
_T1CONbits               (abs)        0010
_T2CONbits               (abs)        0012
_TMR0                    (abs)        0001
_TMR1H                   (abs)        000F
_TMR1L                   (abs)        000E
_TMR2IF                  (abs)        0061
_TMR2ON                  (abs)        0092
_TRISAbits               (abs)        0085
_TRISC                   (abs)        0087
_TRISCbits               (abs)        0087
_TRISD                   (abs)        0088
__Habs1                  abs1         0000
__Hbank0                 bank0        0000
__Hbank1                 bank1        0000
__Hbank2                 bank2        0000
__Hbank3                 bank3        0000
__HbssBANK1              bssBANK1     0000
__HbssCOMMON             bssCOMMON    0000
__Hcinit                 cinit        0025
__Hclrtext               clrtext      0000
__Hcode                  code         0000
__Hcommon                common       0000
__Hconfig                config       2009
__HcstackBANK0           cstackBANK0  0000
__HcstackCOMMON          cstackCOMMON 0000
__Heeprom_data           eeprom_data  0000
__Hend_init              end_init     000F
__Hfunctab               functab      0000
__Hidloc                 idloc        2004
__Hinit                  init         000C
__Hintentry              intentry     000C
__Hmaintext              maintext     0000
__Hpowerup               powerup      0000
__Hram                   ram          0000
__Hreset_vec             reset_vec    0003
__Hsfr0                  sfr0         0000
__Hsfr1                  sfr1         0000
__Hsfr2                  sfr2         0000
__Hsfr3                  sfr3         0000
__Hspace_0               (abs)        1000
__Hspace_1               (abs)        00AE
__Hspace_2               (abs)        0000
__Hspace_3               (abs)        0000
__Hspace_4               (abs)        4010
__Hstack                 stack        0000
__Hstrings               strings      0000
__Htext                  text         0000
__Labs1                  abs1         0000
__Lbank0                 bank0        0000
__Lbank1                 bank1        0000
__Lbank2                 bank2        0000
__Lbank3                 bank3        0000
__LbssBANK1              bssBANK1     0000
__LbssCOMMON             bssCOMMON    0000
__Lcinit                 cinit        000F
__Lclrtext               clrtext      0000
__Lcode                  code         0000
__Lcommon                common       0000
__Lconfig                config       0000
__LcstackBANK0           cstackBANK0  0000
__LcstackCOMMON          cstackCOMMON 0000
__Leeprom_data           eeprom_data  0000
__Lend_init              end_init     000C
__Lfunctab               functab      0000
__Lidloc                 idloc        0000
__Linit                  init         000C
__Lintentry              intentry     0004
__Lmaintext              maintext     0000
__Lpowerup               powerup      0000
__Lram                   ram          0000
__Lreset_vec             reset_vec    0000
__Lsfr0                  sfr0         0000
__Lsfr1                  sfr1         0000
__Lsfr2                  sfr2         0000
__Lsfr3                  sfr3         0000
__Lspace_0               (abs)        0000
__Lspace_1               (abs)        0000
__Lspace_2               (abs)        0000
__Lspace_3               (abs)        0000
__Lspace_4               (abs)        0000
__Lstack                 stack        0000
__Lstrings               strings      0000
__Ltext                  text         0000
__S0                     (abs)        1000
__S1                     (abs)        00AE
__S3                     (abs)        0000
__Umul8_16               text15       0D8D
__Umul8_16@multiplicand  cstackBANK0  0020
__Umul8_16@multiplier    cstackBANK0  0028
__Umul8_16@product       cstackBANK0  0024
__Umul8_16@word_mpld     cstackBANK0  0026
___fladd                 text16       036A
___fladd@a               cstackBANK0  004C
___fladd@aexp            cstackBANK0  0059
___fladd@b               cstackBANK0  0048
___fladd@bexp            cstackBANK0  005A
___fladd@grs             cstackBANK0  005B
___fladd@signs           cstackBANK0  0058
___flmul                 text14       0025
___flmul@a               cstackBANK0  0032
___flmul@aexp            cstackBANK0  0040
___flmul@b               cstackBANK0  002E
___flmul@bexp            cstackBANK0  0041
___flmul@grs             cstackBANK0  003C
___flmul@prod            cstackBANK0  0042
___flmul@sign            cstackBANK0  003B
___flmul@temp            cstackBANK0  0046
___fltol                 text13       0F0D
___fltol@exp1            cstackBANK0  0065
___fltol@f1              cstackBANK0  005C
___fltol@sign1           cstackBANK0  0064
___int_sp                stack        0000
___latbits               (abs)        0002
___sp                    stack        0000
___stackhi               (abs)        0000
___stacklo               (abs)        0000
___xxtofl                text12       067E
___xxtofl@arg            cstackBANK0  002A
___xxtofl@exp            cstackBANK0  0029
___xxtofl@sign           cstackBANK0  0028
___xxtofl@val            cstackBANK0  0020
__end_of_PWM1            text11       0F0D
__end_of_PWM2            text10       1000
__end_of__Umul8_16       text15       0DB6
__end_of___fladd         text16       05C2
__end_of___flmul         text14       036A
__end_of___fltol         text13       0F85
__end_of___xxtofl        text12       0738
__end_of__initialization cinit        0021
__end_of_controlmotores  text8        067E
__end_of_isr             text17       0E96
__end_of_main            maintext     0E23
__end_of_map             text9        07D5
__end_of_setup           text7        0D22
__end_of_setupADC        text6        0DE4
__end_of_setupINTOSC     text5        0800
__end_of_setupPWM        text4        0D8D
__end_of_setupPWM2       text3        0D66
__end_of_setupTMR0       text2        0D31
__end_of_setupTMR1       text1        0D44
__initialization         cinit        000F
__pbssBANK1              bssBANK1     00A0
__pbssCOMMON             bssCOMMON    007B
__pcstackBANK0           cstackBANK0  0020
__pcstackCOMMON          cstackCOMMON 0070
__pintentry              intentry     0004
__pmaintext              maintext     0DE4
__ptext1                 text1        0D31
__ptext10                text10       0F85
__ptext11                text11       0E96
__ptext12                text12       067E
__ptext13                text13       0F0D
__ptext14                text14       0025
__ptext15                text15       0D8D
__ptext16                text16       036A
__ptext17                text17       0E23
__ptext2                 text2        0D22
__ptext3                 text3        0D44
__ptext4                 text4        0D66
__ptext5                 text5        07D5
__ptext6                 text6        0DB6
__ptext7                 text7        0D15
__ptext8                 text8        05C2
__ptext9                 text9        0738
_cont                    bssBANK1     00A4
_controlmotores          text8        05C2
_isr                     text17       0E23
_main                    maintext     0DE4
_map                     text9        0738
_pulso                   bssBANK1     00A2
_pulso2                  bssBANK1     00A0
_setup                   text7        0D15
_setupADC                text6        0DB6
_setupINTOSC             text5        07D5
_setupPWM                text4        0D66
_setupPWM2               text3        0D44
_setupTMR0               text2        0D22
_setupTMR1               text1        0D31
_valDC                   bssCOMMON    007B
_valDCH                  bssBANK1     00A8
_valDCL                  bssBANK1     00AA
btemp                    (abs)        007E
end_of_initialization    cinit        0021
interrupt_function       intentry     0004
intlevel0                functab      0000
intlevel1                functab      0000
intlevel2                functab      0000
intlevel3                functab      0000
intlevel4                functab      0000
intlevel5                functab      0000
reset_vec                reset_vec    0000
saved_w                  (abs)        007E
setupINTOSC@IRCF         cstackBANK0  0020
start                    init         000C
start_initialization     cinit        000F
wtemp0                   (abs)        007E


MODULE INFORMATION

Module		Function		Class		Link	Load	Size
C:\Program Files\Microchip\xc8\v2.40\pic\sources\c90\common\fltol.c
		___fltol       		CODE           	0F0D	0000	120

C:\Program Files\Microchip\xc8\v2.40\pic\sources\c90\common\fltol.c estimated size: 120

C:\Program Files\Microchip\xc8\v2.40\pic\sources\c90\common\sprcmul.c
		___flmul       		CODE           	0025	0000	837

C:\Program Files\Microchip\xc8\v2.40\pic\sources\c90\common\sprcmul.c estimated size: 837

C:\Program Files\Microchip\xc8\v2.40\pic\sources\c90\common\Umul8_16.c
		__Umul8_16     		CODE           	0D8D	0000	41

C:\Program Files\Microchip\xc8\v2.40\pic\sources\c90\common\Umul8_16.c estimated size: 41

oscilador.c
		_setupINTOSC   		CODE           	07D5	0000	43

oscilador.c estimated size: 43

shared
		__initialization		CODE           	000F	0000	18

shared estimated size: 18

C:\Program Files\Microchip\xc8\v2.40\pic\sources\c90\common\sprcadd.c
		___fladd       		CODE           	036A	0000	600

C:\Program Files\Microchip\xc8\v2.40\pic\sources\c90\common\sprcadd.c estimated size: 600

main.c
		_map           		CODE           	0738	0000	157
		_setupPWM      		CODE           	0D66	0000	39
		_setupPWM2     		CODE           	0D44	0000	34
		_main          		CODE           	0DE4	0000	63
		_PWM1          		CODE           	0E96	0000	119
		_PWM2          		CODE           	0F85	0000	123
		_isr           		CODE           	0E23	0000	115
		_controlmotores		CODE           	05C2	0000	188
		_setupTMR0     		CODE           	0D22	0000	15
		_setupTMR1     		CODE           	0D31	0000	19
		_setup         		CODE           	0D15	0000	13
		_setupADC      		CODE           	0DB6	0000	46

main.c estimated size: 931

C:\Program Files\Microchip\xc8\v2.40\pic\sources\c90\common\xxtofl.c
		___xxtofl      		CODE           	067E	0000	186

C:\Program Files\Microchip\xc8\v2.40\pic\sources\c90\common\xxtofl.c estimated size: 186

