Microchip MPLAB XC8 Compiler V2.40

Linker command line:

-W-3 \
  --edf=C:\Program Files\Microchip\xc8\v2.40\pic\dat\20220703182018_en.msgs \
  -cn -h+dist/default/production\Proyecto_Garra.production.sym \
  --cmf=dist/default/production\Proyecto_Garra.production.cmf -z -Q16F887 \
  -oC:\Users\Migue\AppData\Local\Temp\xcAsfi8.5 --defsym=__MPLAB_BUILD=1 \
  --fixupoverflow=error \
  -Mdist/default/production/Proyecto_Garra.production.map \
  --md=C:\Users\Migue\AppData\Local\Temp\xcAsfi8.dat -E1 -ver=XC8 Compiler \
  --acfsm=1493 -ACODE=00h-07FFhx4 -ASTRCODE=00h-01FFFh -ASTRING=00h-0FFhx32 \
  -ACONST=00h-0FFhx32 -AENTRY=00h-0FFhx32 -ACOMMON=070h-07Fh \
  -ABANK0=020h-06Fh -ABANK1=0A0h-0EFh -ABANK2=0110h-016Fh \
  -ABANK3=0190h-01EFh -ARAM=020h-06Fh,0A0h-0EFh,0110h-016Fh,0190h-01EFh \
  -AABS1=020h-07Fh,0A0h-0EFh,0110h-016Fh,0190h-01EFh -ASFR0=00h-01Fh \
  -ASFR1=080h-09Fh -ASFR2=0100h-010Fh -ASFR3=0180h-018Fh \
  -ACONFIG=02007h-02008h -DCONFIG=2 -AIDLOC=02000h-02003h -DIDLOC=2 \
  -AEEDATA=00h-0FFh/02100h -peeprom_data=EEDATA -DEEDATA=2 -DCODE=2 \
  -DSTRCODE=2 -DSTRING=2 -DCONST=2 -DENTRY=2 \
  -preset_vec=00h,intentry=04h,init,end_init -ppowerup=CODE -pcinit=CODE \
  -pfunctab=ENTRY -k C:\Users\Migue\AppData\Local\Temp\xcAsfi8.o \
  dist/default/production\Proyecto_Garra.production.o 

Object code version is 3.11

Machine type is 16F887



                Name                               Link     Load   Length Selector   Space Scale
C:\Users\Migue\AppData\Local\Temp\xcAsfi8.o
                end_init                              C        C        3        8       0
                reset_vec                             0        0        3        0       0
                config                             2007     2007        2        0       4
                idloc                              2000     2000        4        0       5
dist/default/production\Proyecto_Garra.production.o
                cinit                                 F        F       1C        8       0
                intentry                              4        4        8        8       0
                config                             2007     2007        2        0       4
                idloc                              2000     2000        4        0       5
                text19                              D01      D01       11     1A02       0
                text18                              7DB      7DB       22        8       0
                text17                              EF7      EF7       6A     1DEE       0
                text16                              E8E      E8E       69     1D1C       0
                text15                              D65      D65       27     1ACA       0
                text14                              E0E      E0E       37     1C1C       0
                text13                              370      370      258        8       0
                text12                              D8C      D8C       29     1B18       0
                text11                               2B       2B      345        8       0
                text10                              763      763       78        8       0
                text9                               6A9      6A9       BA        8       0
                text8                               F61      F61       9F     1EC2       0
                text7                               5C8      5C8       E1        8       0
                text6                               D12      D12       1A     1A24       0
                text5                               DE0      DE0       2E     1BC0       0
                text4                               DB5      DB5       2B     1B6A       0
                text3                               D46      D46       1F     1A8C       0
                text2                               D2C      D2C       1A     1A58       0
                text1                               CF1      CF1       10     19E2       0
                maintext                            E45      E45       49     1C8A       0
                cstackBANK0                          20       20       4F       20       1
                cstackCOMMON                         76       76        6       70       1
                bssBANK1                             A0       A0        D       A0       1
                bssBANK0                             6F       6F        1       20       1
                bssCOMMON                            70       70        6       70       1

TOTAL           Name                               Link     Load   Length     Space
        CLASS   CODE           
                end_init                              C        C        3         0
                cinit                                 F        F       1C         0
                intentry                              4        4        8         0
                reset_vec                             0        0        3         0
                text19                              D01      D01       11         0
                text18                              7DB      7DB       22         0
                text17                              EF7      EF7       6A         0
                text16                              E8E      E8E       69         0
                text15                              D65      D65       27         0
                text14                              E0E      E0E       37         0
                text13                              370      370      258         0
                text12                              D8C      D8C       29         0
                text11                               2B       2B      345         0
                text10                              763      763       78         0
                text9                               6A9      6A9       BA         0
                text8                               F61      F61       9F         0
                text7                               5C8      5C8       E1         0
                text6                               D12      D12       1A         0
                text5                               DE0      DE0       2E         0
                text4                               DB5      DB5       2B         0
                text3                               D46      D46       1F         0
                text2                               D2C      D2C       1A         0
                text1                               CF1      CF1       10         0
                maintext                            E45      E45       49         0

        CLASS   STRCODE        

        CLASS   STRING         

        CLASS   CONST          

        CLASS   ENTRY          

        CLASS   COMMON         
                cstackCOMMON                         76       76        6         1
                bssCOMMON                            70       70        6         1

        CLASS   BANK0          
                cstackBANK0                          20       20       4F         1
                bssBANK0                             6F       6F        1         1

        CLASS   BANK1          
                bssBANK1                             A0       A0        D         1

        CLASS   BANK2          

        CLASS   BANK3          

        CLASS   RAM            

        CLASS   ABS1           
                abs_s1                               7E       7E        2         1

        CLASS   SFR0           

        CLASS   SFR1           

        CLASS   SFR2           

        CLASS   SFR3           

        CLASS   CONFIG         
                config                             2007     2007        2         4

        CLASS   IDLOC          
                idloc                              2000     2000        4         5

        CLASS   EEDATA         

        CLASS   STACK          



SEGMENTS        Name                           Load    Length   Top    Selector   Space  Class     Delta

                reset_vec                      000000  000003  000003         0       0  CODE        2
                intentry                       000004  0007F9  0007FD         8       0  CODE        2
                cstackBANK0                    000020  000050  000070        20       1  BANK0       1
                bssCOMMON                      000070  00000C  00007C        70       1  COMMON      1
                bssBANK1                       0000A0  00000D  0000AD        A0       1  BANK1       1
                text1                          000CF1  000010  000D01      19E2       0  CODE        2
                text19                         000D01  000011  000D12      1A02       0  CODE        2
                text6                          000D12  00001A  000D2C      1A24       0  CODE        2
                text2                          000D2C  00001A  000D46      1A58       0  CODE        2
                text3                          000D46  00001F  000D65      1A8C       0  CODE        2
                text15                         000D65  000027  000D8C      1ACA       0  CODE        2
                text12                         000D8C  000029  000DB5      1B18       0  CODE        2
                text4                          000DB5  00002B  000DE0      1B6A       0  CODE        2
                text5                          000DE0  00002E  000E0E      1BC0       0  CODE        2
                text14                         000E0E  000037  000E45      1C1C       0  CODE        2
                maintext                       000E45  000049  000E8E      1C8A       0  CODE        2
                text16                         000E8E  000069  000EF7      1D1C       0  CODE        2
                text17                         000EF7  00006A  000F61      1DEE       0  CODE        2
                text8                          000F61  00009F  001000      1EC2       0  CODE        2


UNUSED ADDRESS RANGES

        Name                Unused          Largest block    Delta
        BANK1            00AD-00EF             43           1
        BANK2            0110-016F             60           1
        BANK3            0190-01EF             60           1
        CODE             0003-0003              1           2
                         07FD-0CF0              3
                         1000-1FFF            800
        COMMON           007C-007D              2           1
        CONST            0003-0003              1           2
                         07FD-0CF0            100
                         1000-1FFF            100
        EEDATA           2100-21FF            100           2
        ENTRY            0003-0003              1           2
                         07FD-0CF0            100
                         1000-1FFF            100
        RAM              00AD-00EF             43           1
                         0110-016F             60
                         0190-01EF             60
        SFR0             0000-001F             20           1
        SFR1             0080-009F             20           1
        SFR2             0100-010F             10           1
        SFR3             0180-018F             10           1
        STRCODE          0003-0003              1           2
                         07FD-0CF0            4F4
                         1000-1FFF           1000
        STRING           0003-0003              1           2
                         07FD-0CF0            100
                         1000-1FFF            100

                                  Symbol Table

?__Umul8_16              cstackBANK0  0020
?___awdiv                cstackBANK0  0026
?___fladd                cstackBANK0  0048
?___flmul                cstackBANK0  002E
?___fltol                cstackBANK0  005C
?___wmul                 cstackBANK0  0020
?___xxtofl               cstackBANK0  0020
?_map                    cstackBANK0  002F
_ADCON0bits              (abs)        001F
_ADCON1bits              (abs)        009F
_ADC_RES                 bssBANK1     00AB
_ADIF                    (abs)        0066
_ADRESH                  (abs)        001E
_ADRESL                  (abs)        009E
_ANSELH                  (abs)        0189
_ANSELbits               (abs)        0188
_CCP1CON                 (abs)        0017
_CCP1CONbits             (abs)        0017
_CCP2CONbits             (abs)        001D
_CCPR1L                  (abs)        0015
_CCPR2L                  (abs)        001B
_EEADR                   (abs)        010D
_EECON1bits              (abs)        018C
_EECON2                  (abs)        018D
_EEDAT                   (abs)        010C
_GIE                     (abs)        005F
_INTCONbits              (abs)        000B
_IOCB                    (abs)        0096
_OPTION_REGbits          (abs)        0081
_OSCCONbits              (abs)        008F
_PIE1bits                (abs)        008C
_PIR1bits                (abs)        000C
_PORTA                   (abs)        0005
_PORTBbits               (abs)        0006
_PORTC                   (abs)        0007
_PORTCbits               (abs)        0007
_PORTD                   (abs)        0008
_PR2                     (abs)        0092
_RD                      (abs)        0C60
_T2CONbits               (abs)        0012
_TMR0                    (abs)        0001
_TMR2IF                  (abs)        0061
_TMR2ON                  (abs)        0092
_TRISAbits               (abs)        0085
_TRISC                   (abs)        0087
_TRISCbits               (abs)        0087
_TRISD                   (abs)        0088
_WPUB                    (abs)        0095
_WR                      (abs)        0C61
__Habs1                  abs1         0000
__Hbank0                 bank0        0000
__Hbank1                 bank1        0000
__Hbank2                 bank2        0000
__Hbank3                 bank3        0000
__HbssBANK0              bssBANK0     0000
__HbssBANK1              bssBANK1     0000
__HbssCOMMON             bssCOMMON    0000
__Hcinit                 cinit        002B
__Hclrtext               clrtext      0000
__Hcode                  code         0000
__Hcommon                common       0000
__Hconfig                config       2009
__HcstackBANK0           cstackBANK0  0000
__HcstackCOMMON          cstackCOMMON 0000
__Heeprom_data           eeprom_data  0000
__Hend_init              end_init     000F
__Hfunctab               functab      0000
__Hidloc                 idloc        2004
__Hinit                  init         000C
__Hintentry              intentry     000C
__Hmaintext              maintext     0000
__Hpowerup               powerup      0000
__Hram                   ram          0000
__Hreset_vec             reset_vec    0003
__Hsfr0                  sfr0         0000
__Hsfr1                  sfr1         0000
__Hsfr2                  sfr2         0000
__Hsfr3                  sfr3         0000
__Hspace_0               (abs)        1000
__Hspace_1               (abs)        00AD
__Hspace_2               (abs)        0000
__Hspace_3               (abs)        0000
__Hspace_4               (abs)        4010
__Hstack                 stack        0000
__Hstrings               strings      0000
__Htext                  text         0000
__Labs1                  abs1         0000
__Lbank0                 bank0        0000
__Lbank1                 bank1        0000
__Lbank2                 bank2        0000
__Lbank3                 bank3        0000
__LbssBANK0              bssBANK0     0000
__LbssBANK1              bssBANK1     0000
__LbssCOMMON             bssCOMMON    0000
__Lcinit                 cinit        000F
__Lclrtext               clrtext      0000
__Lcode                  code         0000
__Lcommon                common       0000
__Lconfig                config       0000
__LcstackBANK0           cstackBANK0  0000
__LcstackCOMMON          cstackCOMMON 0000
__Leeprom_data           eeprom_data  0000
__Lend_init              end_init     000C
__Lfunctab               functab      0000
__Lidloc                 idloc        0000
__Linit                  init         000C
__Lintentry              intentry     0004
__Lmaintext              maintext     0000
__Lpowerup               powerup      0000
__Lram                   ram          0000
__Lreset_vec             reset_vec    0000
__Lsfr0                  sfr0         0000
__Lsfr1                  sfr1         0000
__Lsfr2                  sfr2         0000
__Lsfr3                  sfr3         0000
__Lspace_0               (abs)        0000
__Lspace_1               (abs)        0000
__Lspace_2               (abs)        0000
__Lspace_3               (abs)        0000
__Lspace_4               (abs)        0000
__Lstack                 stack        0000
__Lstrings               strings      0000
__Ltext                  text         0000
__S0                     (abs)        1000
__S1                     (abs)        00AD
__S3                     (abs)        0000
__Umul8_16               text12       0D8C
__Umul8_16@multiplicand  cstackBANK0  0020
__Umul8_16@multiplier    cstackBANK0  0028
__Umul8_16@product       cstackBANK0  0024
__Umul8_16@word_mpld     cstackBANK0  0026
___awdiv                 text16       0E8E
___awdiv@counter         cstackBANK0  002B
___awdiv@dividend        cstackBANK0  0028
___awdiv@divisor         cstackBANK0  0026
___awdiv@quotient        cstackBANK0  002D
___awdiv@sign            cstackBANK0  002C
___fladd                 text13       0370
___fladd@a               cstackBANK0  004C
___fladd@aexp            cstackBANK0  0059
___fladd@b               cstackBANK0  0048
___fladd@bexp            cstackBANK0  005A
___fladd@grs             cstackBANK0  005B
___fladd@signs           cstackBANK0  0058
___flmul                 text11       002B
___flmul@a               cstackBANK0  0032
___flmul@aexp            cstackBANK0  003C
___flmul@b               cstackBANK0  002E
___flmul@bexp            cstackBANK0  0041
___flmul@grs             cstackBANK0  003D
___flmul@prod            cstackBANK0  0042
___flmul@sign            cstackBANK0  003B
___flmul@temp            cstackBANK0  0046
___fltol                 text10       0763
___fltol@exp1            cstackBANK0  0065
___fltol@f1              cstackBANK0  005C
___fltol@sign1           cstackBANK0  0064
___int_sp                stack        0000
___latbits               (abs)        0002
___sp                    stack        0000
___stackhi               (abs)        0000
___stacklo               (abs)        0000
___wmul                  text15       0D65
___wmul@multiplicand     cstackBANK0  0022
___wmul@multiplier       cstackBANK0  0020
___wmul@product          cstackBANK0  0024
___xxtofl                text9        06A9
___xxtofl@arg            cstackBANK0  002A
___xxtofl@exp            cstackBANK0  0029
___xxtofl@sign           cstackBANK0  0028
___xxtofl@val            cstackBANK0  0020
__end_of__Umul8_16       text12       0DB5
__end_of___awdiv         text16       0EF7
__end_of___fladd         text13       05C8
__end_of___flmul         text11       0370
__end_of___fltol         text10       07DB
__end_of___wmul          text15       0D8C
__end_of___xxtofl        text9        0763
__end_of__initialization cinit        0027
__end_of_controlmotores  text7        06A9
__end_of_delay           text19       0D12
__end_of_isr             text17       0F61
__end_of_main            maintext     0E8E
__end_of_map             text14       0E45
__end_of_mapeo           text8        1000
__end_of_setup           text6        0D2C
__end_of_setupADC        text5        0E0E
__end_of_setupINTOSC     text4        0DE0
__end_of_setupPWM        text3        0D65
__end_of_setupPWM2       text2        0D46
__end_of_setupTMR0       text1        0D01
__end_of_writeEEPROM     text18       07FD
__initialization         cinit        000F
__pbssBANK0              bssBANK0     006F
__pbssBANK1              bssBANK1     00A0
__pbssCOMMON             bssCOMMON    0070
__pcstackBANK0           cstackBANK0  0020
__pcstackCOMMON          cstackCOMMON 0076
__pintentry              intentry     0004
__pmaintext              maintext     0E45
__ptext1                 text1        0CF1
__ptext10                text10       0763
__ptext11                text11       002B
__ptext12                text12       0D8C
__ptext13                text13       0370
__ptext14                text14       0E0E
__ptext15                text15       0D65
__ptext16                text16       0E8E
__ptext17                text17       0EF7
__ptext18                text18       07DB
__ptext19                text19       0D01
__ptext2                 text2        0D2C
__ptext3                 text3        0D46
__ptext4                 text4        0DB5
__ptext5                 text5        0DE0
__ptext6                 text6        0D12
__ptext7                 text7        05C8
__ptext8                 text8        0F61
__ptext9                 text9        06A9
_address                 bssCOMMON    0075
_controlmotores          text7        05C8
_delay                   text19       0D01
_isr                     text17       0EF7
_main                    maintext     0E45
_map                     text14       0E0E
_mapeo                   text8        0F61
_modo                    bssBANK1     00A8
_pot                     bssBANK1     00A4
_pot1                    bssBANK1     00A2
_setup                   text6        0D12
_setupADC                text5        0DE0
_setupINTOSC             text4        0DB5
_setupPWM                text3        0D46
_setupPWM2               text2        0D2C
_setupTMR0               text1        0CF1
_valDC                   bssBANK1     00A6
_valDCH                  bssCOMMON    0070
_valDCL                  bssCOMMON    0072
_writeEEPROM             text18       07DB
btemp                    (abs)        007E
delay@micro              cstackCOMMON 0076
end_of_initialization    cinit        0027
interrupt_function       intentry     0004
intlevel0                functab      0000
intlevel1                functab      0000
intlevel2                functab      0000
intlevel3                functab      0000
intlevel4                functab      0000
intlevel5                functab      0000
map@inputmax             cstackBANK0  0031
map@inputmin             cstackBANK0  002F
map@outmax               cstackBANK0  0035
map@outmin               cstackBANK0  0033
map@value                cstackBANK0  0038
reset_vec                reset_vec    0000
saved_w                  (abs)        007E
setupINTOSC@IRCF         cstackBANK0  0020
start                    init         000C
start_initialization     cinit        000F
writeEEPROM@address      cstackCOMMON 0077
writeEEPROM@data         cstackCOMMON 0076
writeEEPROM@gieStatus    cstackCOMMON 0078
wtemp0                   (abs)        007E


MODULE INFORMATION

Module		Function		Class		Link	Load	Size
C:\Program Files\Microchip\xc8\v2.40\pic\sources\c90\common\fltol.c
		___fltol       		CODE           	0763	0000	120

C:\Program Files\Microchip\xc8\v2.40\pic\sources\c90\common\fltol.c estimated size: 120

C:\Program Files\Microchip\xc8\v2.40\pic\sources\c90\common\awdiv.c
		___awdiv       		CODE           	0E8E	0000	105

C:\Program Files\Microchip\xc8\v2.40\pic\sources\c90\common\awdiv.c estimated size: 105

C:\Program Files\Microchip\xc8\v2.40\pic\sources\c90\common\sprcmul.c
		___flmul       		CODE           	002B	0000	837

C:\Program Files\Microchip\xc8\v2.40\pic\sources\c90\common\sprcmul.c estimated size: 837

C:\Program Files\Microchip\xc8\v2.40\pic\sources\c90\common\Umul8_16.c
		__Umul8_16     		CODE           	0D8C	0000	41

C:\Program Files\Microchip\xc8\v2.40\pic\sources\c90\common\Umul8_16.c estimated size: 41

oscilador.c
		_setupINTOSC   		CODE           	0DB5	0000	43

oscilador.c estimated size: 43

C:\Program Files\Microchip\xc8\v2.40\pic\sources\c90\common\Umul16.c
		___wmul        		CODE           	0D65	0000	39

C:\Program Files\Microchip\xc8\v2.40\pic\sources\c90\common\Umul16.c estimated size: 39

shared
		__initialization		CODE           	000F	0000	24

shared estimated size: 24

C:\Program Files\Microchip\xc8\v2.40\pic\sources\c90\common\sprcadd.c
		___fladd       		CODE           	0370	0000	600

C:\Program Files\Microchip\xc8\v2.40\pic\sources\c90\common\sprcadd.c estimated size: 600

main.c
		_delay         		CODE           	0D01	0000	17
		_map           		CODE           	0E0E	0000	55
		_setupPWM      		CODE           	0D46	0000	31
		_setupPWM2     		CODE           	0D2C	0000	26
		_main          		CODE           	0E45	0000	73
		_isr           		CODE           	0EF7	0000	106
		_controlmotores		CODE           	05C8	0000	225
		_setupTMR0     		CODE           	0CF1	0000	16
		_setup         		CODE           	0D12	0000	26
		_writeEEPROM   		CODE           	07DB	0000	34
		_mapeo         		CODE           	0F61	0000	159
		_setupADC      		CODE           	0DE0	0000	46

main.c estimated size: 814

C:\Program Files\Microchip\xc8\v2.40\pic\sources\c90\common\xxtofl.c
		___xxtofl      		CODE           	06A9	0000	186

C:\Program Files\Microchip\xc8\v2.40\pic\sources\c90\common\xxtofl.c estimated size: 186

