Microchip MPLAB XC8 Compiler V2.40

Linker command line:

-W-3 \
  --edf=C:\Program Files\Microchip\xc8\v2.40\pic\dat\20220703182018_en.msgs \
  -cn -h+dist/default/production\Proyecto_Garra.production.sym \
  --cmf=dist/default/production\Proyecto_Garra.production.cmf -z -Q16F887 \
  -oC:\Users\Migue\AppData\Local\Temp\xcAsa6k.4 --defsym=__MPLAB_BUILD=1 \
  --fixupoverflow=error \
  -Mdist/default/production/Proyecto_Garra.production.map \
  --md=C:\Users\Migue\AppData\Local\Temp\xcAsa6k.dat -E1 -ver=XC8 Compiler \
  --acfsm=1493 -ACODE=00h-07FFhx4 -ASTRCODE=00h-01FFFh -ASTRING=00h-0FFhx32 \
  -ACONST=00h-0FFhx32 -AENTRY=00h-0FFhx32 -ACOMMON=070h-07Fh \
  -ABANK0=020h-06Fh -ABANK1=0A0h-0EFh -ABANK2=0110h-016Fh \
  -ABANK3=0190h-01EFh -ARAM=020h-06Fh,0A0h-0EFh,0110h-016Fh,0190h-01EFh \
  -AABS1=020h-07Fh,0A0h-0EFh,0110h-016Fh,0190h-01EFh -ASFR0=00h-01Fh \
  -ASFR1=080h-09Fh -ASFR2=0100h-010Fh -ASFR3=0180h-018Fh \
  -ACONFIG=02007h-02008h -DCONFIG=2 -AIDLOC=02000h-02003h -DIDLOC=2 \
  -AEEDATA=00h-0FFh/02100h -peeprom_data=EEDATA -DEEDATA=2 -DCODE=2 \
  -DSTRCODE=2 -DSTRING=2 -DCONST=2 -DENTRY=2 \
  -preset_vec=00h,intentry=04h,init,end_init -ppowerup=CODE -pcinit=CODE \
  -pfunctab=ENTRY -k C:\Users\Migue\AppData\Local\Temp\xcAsa6k.o \
  dist/default/production\Proyecto_Garra.production.o 

Object code version is 3.11

Machine type is 16F887



                Name                               Link     Load   Length Selector   Space Scale
C:\Users\Migue\AppData\Local\Temp\xcAsa6k.o
                end_init                              C        C        3        8       0
                reset_vec                             0        0        3        0       0
                config                             2007     2007        2        0       4
                idloc                              2000     2000        4        0       5
dist/default/production\Proyecto_Garra.production.o
                cinit                                 F        F       19        8       0
                intentry                              4        4        8        8       0
                config                             2007     2007        2        0       4
                idloc                              2000     2000        4        0       5
                text21                              BAC      BAC       11     1758       0
                text20                              E27      E27       7C     1C4E       0
                text19                              D46      D46       69     1A8C       0
                text18                              C27      C27       27     184E       0
                text17                              7C7      7C7       37        8       0
                text16                              36D      36D      258        8       0
                text15                              C75      C75       29     18EA       0
                text14                               28       28      345        8       0
                text13                              DAF      DAF       78     1B5E       0
                text12                              F46      F46       BA     1E8C       0
                text11                              EA3      EA3       A3     1D46       0
                text10                              6E4      6E4       E3        8       0
                text9                               BBD      BBD       17     177A       0
                text8                               BD4      BD4       1A     17A8       0
                text7                               CCA      CCA       2D     1994       0
                text6                               C4E      C4E       27     189C       0
                text5                               C08      C08       1F     1810       0
                text4                               BEE      BEE       1A     17DC       0
                text3                               B9C      B9C       10     1738       0
                text2                               CF7      CF7       4F     19EE       0
                text1                               C9E      C9E       2C     193C       0
                maintext                            5C5      5C5      11F        8       0
                cstackBANK0                          20       20       49       20       1
                cstackCOMMON                         70       70        6       70       1
                cstackBANK1                          B0       B0        7       A0       1
                clrtext                             B94      B94        8     1728       0
                bssBANK1                             A0       A0       10       A0       1
                bssBANK0                             69       69        6       20       1
                bssCOMMON                            76       76        4       70       1

TOTAL           Name                               Link     Load   Length     Space
        CLASS   CODE           
                end_init                              C        C        3         0
                cinit                                 F        F       19         0
                intentry                              4        4        8         0
                reset_vec                             0        0        3         0
                text21                              BAC      BAC       11         0
                text20                              E27      E27       7C         0
                text19                              D46      D46       69         0
                text18                              C27      C27       27         0
                text17                              7C7      7C7       37         0
                text16                              36D      36D      258         0
                text15                              C75      C75       29         0
                text14                               28       28      345         0
                text13                              DAF      DAF       78         0
                text12                              F46      F46       BA         0
                text11                              EA3      EA3       A3         0
                text10                              6E4      6E4       E3         0
                text9                               BBD      BBD       17         0
                text8                               BD4      BD4       1A         0
                text7                               CCA      CCA       2D         0
                text6                               C4E      C4E       27         0
                text5                               C08      C08       1F         0
                text4                               BEE      BEE       1A         0
                text3                               B9C      B9C       10         0
                text2                               CF7      CF7       4F         0
                text1                               C9E      C9E       2C         0
                maintext                            5C5      5C5      11F         0
                clrtext                             B94      B94        8         0

        CLASS   STRCODE        

        CLASS   STRING         

        CLASS   CONST          

        CLASS   ENTRY          

        CLASS   COMMON         
                cstackCOMMON                         70       70        6         1
                bssCOMMON                            76       76        4         1

        CLASS   BANK0          
                cstackBANK0                          20       20       49         1
                bssBANK0                             69       69        6         1

        CLASS   BANK1          
                cstackBANK1                          B0       B0        7         1
                bssBANK1                             A0       A0       10         1

        CLASS   BANK2          

        CLASS   BANK3          

        CLASS   RAM            

        CLASS   ABS1           
                abs_s1                               7E       7E        2         1

        CLASS   SFR0           

        CLASS   SFR1           

        CLASS   SFR2           

        CLASS   SFR3           

        CLASS   CONFIG         
                config                             2007     2007        2         4

        CLASS   IDLOC          
                idloc                              2000     2000        4         5

        CLASS   EEDATA         

        CLASS   STACK          



SEGMENTS        Name                           Load    Length   Top    Selector   Space  Class     Delta

                reset_vec                      000000  000003  000003         0       0  CODE        2
                intentry                       000004  0007FA  0007FE         8       0  CODE        2
                cstackBANK0                    000020  00004F  00006F        20       1  BANK0       1
                cstackCOMMON                   000070  00000A  00007A        70       1  COMMON      1
                bssBANK1                       0000A0  000017  0000B7        A0       1  BANK1       1
                clrtext                        000B94  000008  000B9C      1728       0  CODE        2
                text3                          000B9C  000010  000BAC      1738       0  CODE        2
                text21                         000BAC  000011  000BBD      1758       0  CODE        2
                text9                          000BBD  000017  000BD4      177A       0  CODE        2
                text8                          000BD4  00001A  000BEE      17A8       0  CODE        2
                text4                          000BEE  00001A  000C08      17DC       0  CODE        2
                text5                          000C08  00001F  000C27      1810       0  CODE        2
                text18                         000C27  000027  000C4E      184E       0  CODE        2
                text6                          000C4E  000027  000C75      189C       0  CODE        2
                text15                         000C75  000029  000C9E      18EA       0  CODE        2
                text1                          000C9E  00002C  000CCA      193C       0  CODE        2
                text7                          000CCA  00002D  000CF7      1994       0  CODE        2
                text2                          000CF7  00004F  000D46      19EE       0  CODE        2
                text19                         000D46  000069  000DAF      1A8C       0  CODE        2
                text13                         000DAF  000078  000E27      1B5E       0  CODE        2
                text20                         000E27  00007C  000EA3      1C4E       0  CODE        2
                text11                         000EA3  0000A3  000F46      1D46       0  CODE        2
                text12                         000F46  0000BA  001000      1E8C       0  CODE        2


UNUSED ADDRESS RANGES

        Name                Unused          Largest block    Delta
        BANK0            006F-006F              1           1
        BANK1            00B7-00EF             39           1
        BANK2            0110-016F             60           1
        BANK3            0190-01EF             60           1
        CODE             0003-0003              1           2
                         07FE-0B93              2
                         1000-1FFF            800
        COMMON           007A-007D              4           1
        CONST            0003-0003              1           2
                         07FE-0B93            100
                         1000-1FFF            100
        EEDATA           2100-21FF            100           2
        ENTRY            0003-0003              1           2
                         07FE-0B93            100
                         1000-1FFF            100
        RAM              006F-006F              1           1
                         00B7-00EF             39
                         0110-016F             60
                         0190-01EF             60
        SFR0             0000-001F             20           1
        SFR1             0080-009F             20           1
        SFR2             0100-010F             10           1
        SFR3             0180-018F             10           1
        STRCODE          0003-0003              1           2
                         07FE-0B93            396
                         1000-1FFF           1000
        STRING           0003-0003              1           2
                         07FE-0B93            100
                         1000-1FFF            100

                                  Symbol Table

?__Umul8_16              cstackCOMMON 0074
?___awdiv                cstackBANK0  0024
?___fladd                cstackBANK0  0048
?___flmul                cstackBANK0  002E
?___fltol                cstackBANK0  005C
?___wmul                 cstackBANK0  0020
?___xxtofl               cstackBANK0  0020
?_map                    cstackBANK0  002D
_ADCON0bits              (abs)        001F
_ADCON1bits              (abs)        009F
_ADC_RES                 bssBANK1     00AE
_ADIF                    (abs)        0066
_ADRESH                  (abs)        001E
_ADRESL                  (abs)        009E
_ANSELH                  (abs)        0189
_ANSELbits               (abs)        0188
_CCP1CON                 (abs)        0017
_CCP1CONbits             (abs)        0017
_CCP2CONbits             (abs)        001D
_CCPR1L                  (abs)        0015
_CCPR2L                  (abs)        001B
_EEADR                   (abs)        010D
_EECON1bits              (abs)        018C
_EECON2                  (abs)        018D
_EEDAT                   (abs)        010C
_GIE                     (abs)        005F
_INTCONbits              (abs)        000B
_IOCB                    (abs)        0096
_OPTION_REGbits          (abs)        0081
_OSCCONbits              (abs)        008F
_PIE1bits                (abs)        008C
_PIR1bits                (abs)        000C
_PORTA                   (abs)        0005
_PORTBbits               (abs)        0006
_PORTC                   (abs)        0007
_PORTCbits               (abs)        0007
_PORTD                   (abs)        0008
_PORTDbits               (abs)        0008
_PR2                     (abs)        0092
_RD                      (abs)        0C60
_T2CONbits               (abs)        0012
_TMR0                    (abs)        0001
_TMR2IF                  (abs)        0061
_TMR2ON                  (abs)        0092
_TRISAbits               (abs)        0085
_TRISC                   (abs)        0087
_TRISCbits               (abs)        0087
_TRISD                   (abs)        0088
_WPUB                    (abs)        0095
_WR                      (abs)        0C61
__Habs1                  abs1         0000
__Hbank0                 bank0        0000
__Hbank1                 bank1        0000
__Hbank2                 bank2        0000
__Hbank3                 bank3        0000
__HbssBANK0              bssBANK0     0000
__HbssBANK1              bssBANK1     0000
__HbssCOMMON             bssCOMMON    0000
__Hcinit                 cinit        0028
__Hclrtext               clrtext      0000
__Hcode                  code         0000
__Hcommon                common       0000
__Hconfig                config       2009
__HcstackBANK0           cstackBANK0  0000
__HcstackBANK1           cstackBANK1  0000
__HcstackCOMMON          cstackCOMMON 0000
__Heeprom_data           eeprom_data  0000
__Hend_init              end_init     000F
__Hfunctab               functab      0000
__Hidloc                 idloc        2004
__Hinit                  init         000C
__Hintentry              intentry     000C
__Hmaintext              maintext     0000
__Hpowerup               powerup      0000
__Hram                   ram          0000
__Hreset_vec             reset_vec    0003
__Hsfr0                  sfr0         0000
__Hsfr1                  sfr1         0000
__Hsfr2                  sfr2         0000
__Hsfr3                  sfr3         0000
__Hspace_0               (abs)        1000
__Hspace_1               (abs)        00B7
__Hspace_2               (abs)        0000
__Hspace_3               (abs)        0000
__Hspace_4               (abs)        4010
__Hstack                 stack        0000
__Hstrings               strings      0000
__Htext                  text         0000
__Labs1                  abs1         0000
__Lbank0                 bank0        0000
__Lbank1                 bank1        0000
__Lbank2                 bank2        0000
__Lbank3                 bank3        0000
__LbssBANK0              bssBANK0     0000
__LbssBANK1              bssBANK1     0000
__LbssCOMMON             bssCOMMON    0000
__Lcinit                 cinit        000F
__Lclrtext               clrtext      0000
__Lcode                  code         0000
__Lcommon                common       0000
__Lconfig                config       0000
__LcstackBANK0           cstackBANK0  0000
__LcstackBANK1           cstackBANK1  0000
__LcstackCOMMON          cstackCOMMON 0000
__Leeprom_data           eeprom_data  0000
__Lend_init              end_init     000C
__Lfunctab               functab      0000
__Lidloc                 idloc        0000
__Linit                  init         000C
__Lintentry              intentry     0004
__Lmaintext              maintext     0000
__Lpowerup               powerup      0000
__Lram                   ram          0000
__Lreset_vec             reset_vec    0000
__Lsfr0                  sfr0         0000
__Lsfr1                  sfr1         0000
__Lsfr2                  sfr2         0000
__Lsfr3                  sfr3         0000
__Lspace_0               (abs)        0000
__Lspace_1               (abs)        0000
__Lspace_2               (abs)        0000
__Lspace_3               (abs)        0000
__Lspace_4               (abs)        0000
__Lstack                 stack        0000
__Lstrings               strings      0000
__Ltext                  text         0000
__S0                     (abs)        1000
__S1                     (abs)        00B7
__S3                     (abs)        0000
__Umul8_16               text15       0C75
__Umul8_16@multiplicand  cstackCOMMON 0074
__Umul8_16@multiplier    cstackBANK0  0026
__Umul8_16@product       cstackBANK0  0022
__Umul8_16@word_mpld     cstackBANK0  0024
___awdiv                 text19       0D46
___awdiv@counter         cstackBANK0  0029
___awdiv@dividend        cstackBANK0  0026
___awdiv@divisor         cstackBANK0  0024
___awdiv@quotient        cstackBANK0  002B
___awdiv@sign            cstackBANK0  002A
___fladd                 text16       036D
___fladd@a               cstackBANK0  004C
___fladd@aexp            cstackBANK0  0059
___fladd@b               cstackBANK0  0048
___fladd@bexp            cstackBANK0  005A
___fladd@grs             cstackBANK0  005B
___fladd@signs           cstackBANK0  0058
___flmul                 text14       0028
___flmul@a               cstackBANK0  0032
___flmul@aexp            cstackBANK0  003C
___flmul@b               cstackBANK0  002E
___flmul@bexp            cstackBANK0  0041
___flmul@grs             cstackBANK0  003D
___flmul@prod            cstackBANK0  0042
___flmul@sign            cstackBANK0  003B
___flmul@temp            cstackBANK0  0046
___fltol                 text13       0DAF
___fltol@exp1            cstackBANK0  0065
___fltol@f1              cstackBANK0  005C
___fltol@sign1           cstackBANK0  0064
___int_sp                stack        0000
___latbits               (abs)        0002
___sp                    stack        0000
___stackhi               (abs)        0000
___stacklo               (abs)        0000
___wmul                  text18       0C27
___wmul@multiplicand     cstackBANK0  0022
___wmul@multiplier       cstackBANK0  0020
___wmul@product          cstackCOMMON 0074
___xxtofl                text12       0F46
___xxtofl@arg            cstackBANK0  002A
___xxtofl@exp            cstackBANK0  0029
___xxtofl@sign           cstackBANK0  0028
___xxtofl@val            cstackBANK0  0020
__end_of__Umul8_16       text15       0C9E
__end_of___awdiv         text19       0DAF
__end_of___fladd         text16       05C5
__end_of___flmul         text14       036D
__end_of___fltol         text13       0E27
__end_of___wmul          text18       0C4E
__end_of___xxtofl        text12       1000
__end_of__initialization cinit        0024
__end_of_controlmotores  text10       07C7
__end_of_delay           text21       0BBD
__end_of_isr             text20       0EA3
__end_of_main            maintext     06E4
__end_of_map             text17       07FE
__end_of_mapeo           text11       0F46
__end_of_readEEPROM      text9        0BD4
__end_of_setup           text8        0BEE
__end_of_setupADC        text7        0CF7
__end_of_setupINTOSC     text6        0C75
__end_of_setupPWM        text5        0C27
__end_of_setupPWM2       text4        0C08
__end_of_setupTMR0       text3        0BAC
__end_of_verifpos        text2        0D46
__end_of_writeEEPROM     text1        0CCA
__initialization         cinit        000F
__pbssBANK0              bssBANK0     0069
__pbssBANK1              bssBANK1     00A0
__pbssCOMMON             bssCOMMON    0076
__pcstackBANK0           cstackBANK0  0020
__pcstackBANK1           cstackBANK1  00B0
__pcstackCOMMON          cstackCOMMON 0070
__pintentry              intentry     0004
__pmaintext              maintext     05C5
__ptext1                 text1        0C9E
__ptext10                text10       06E4
__ptext11                text11       0EA3
__ptext12                text12       0F46
__ptext13                text13       0DAF
__ptext14                text14       0028
__ptext15                text15       0C75
__ptext16                text16       036D
__ptext17                text17       07C7
__ptext18                text18       0C27
__ptext19                text19       0D46
__ptext2                 text2        0CF7
__ptext20                text20       0E27
__ptext21                text21       0BAC
__ptext3                 text3        0B9C
__ptext4                 text4        0BEE
__ptext5                 text5        0C08
__ptext6                 text6        0C4E
__ptext7                 text7        0CCA
__ptext8                 text8        0BD4
__ptext9                 text9        0BBD
_controlmotores          text10       06E4
_delay                   text21       0BAC
_isr                     text20       0E27
_loc                     bssCOMMON    0076
_main                    maintext     05C5
_map                     text17       07C7
_mapeo                   text11       0EA3
_modo                    bssBANK0     006D
_position                bssCOMMON    0078
_pot                     bssBANK1     00A6
_pot1                    bssBANK1     00A4
_readEEPROM              text9        0BBD
_setup                   text8        0BD4
_setupADC                text7        0CCA
_setupINTOSC             text6        0C4E
_setupPWM                text5        0C08
_setupPWM2               text4        0BEE
_setupTMR0               text3        0B9C
_valDC                   bssBANK1     00A8
_valDCH                  bssBANK0     0069
_valDCL                  bssBANK0     006B
_verifpos                text2        0CF7
_writeEEPROM             text1        0C9E
_writeread               bssBANK1     00A0
btemp                    (abs)        007E
clear_ram0               clrtext      0B94
delay@micro              cstackCOMMON 0070
end_of_initialization    cinit        0024
interrupt_function       intentry     0004
intlevel0                functab      0000
intlevel1                functab      0000
intlevel2                functab      0000
intlevel3                functab      0000
intlevel4                functab      0000
intlevel5                functab      0000
map@inputmax             cstackBANK0  002F
map@inputmin             cstackBANK0  002D
map@outmax               cstackBANK0  0033
map@outmin               cstackBANK0  0031
map@value                cstackBANK0  0036
readEEPROM@address       cstackCOMMON 0074
reset_vec                reset_vec    0000
saved_w                  (abs)        007E
setupINTOSC@IRCF         cstackCOMMON 0074
start                    init         000C
start_initialization     cinit        000F
writeEEPROM@address      cstackBANK0  0020
writeEEPROM@data         cstackCOMMON 0074
writeEEPROM@gieStatus    cstackBANK0  0021
wtemp0                   (abs)        007E


MODULE INFORMATION

Module		Function		Class		Link	Load	Size
C:\Program Files\Microchip\xc8\v2.40\pic\sources\c90\common\fltol.c
		___fltol       		CODE           	0DAF	0000	120

C:\Program Files\Microchip\xc8\v2.40\pic\sources\c90\common\fltol.c estimated size: 120

C:\Program Files\Microchip\xc8\v2.40\pic\sources\c90\common\awdiv.c
		___awdiv       		CODE           	0D46	0000	105

C:\Program Files\Microchip\xc8\v2.40\pic\sources\c90\common\awdiv.c estimated size: 105

C:\Program Files\Microchip\xc8\v2.40\pic\sources\c90\common\sprcmul.c
		___flmul       		CODE           	0028	0000	837

C:\Program Files\Microchip\xc8\v2.40\pic\sources\c90\common\sprcmul.c estimated size: 837

C:\Program Files\Microchip\xc8\v2.40\pic\sources\c90\common\Umul8_16.c
		__Umul8_16     		CODE           	0C75	0000	41

C:\Program Files\Microchip\xc8\v2.40\pic\sources\c90\common\Umul8_16.c estimated size: 41

oscilador.c
		_setupINTOSC   		CODE           	0C4E	0000	39

oscilador.c estimated size: 39

C:\Program Files\Microchip\xc8\v2.40\pic\sources\c90\common\Umul16.c
		___wmul        		CODE           	0C27	0000	39

C:\Program Files\Microchip\xc8\v2.40\pic\sources\c90\common\Umul16.c estimated size: 39

shared
		__initialization		CODE           	000F	0000	21

shared estimated size: 21

C:\Program Files\Microchip\xc8\v2.40\pic\sources\c90\common\sprcadd.c
		___fladd       		CODE           	036D	0000	600

C:\Program Files\Microchip\xc8\v2.40\pic\sources\c90\common\sprcadd.c estimated size: 600

main.c
		_delay         		CODE           	0BAC	0000	17
		_map           		CODE           	07C7	0000	55
		_setupPWM      		CODE           	0C08	0000	31
		_setupPWM2     		CODE           	0BEE	0000	26
		_main          		CODE           	05C5	0000	287
		_isr           		CODE           	0E27	0000	124
		_controlmotores		CODE           	06E4	0000	227
		_setupTMR0     		CODE           	0B9C	0000	16
		_setup         		CODE           	0BD4	0000	26
		_verifpos      		CODE           	0CF7	0000	79
		_readEEPROM    		CODE           	0BBD	0000	23
		_writeEEPROM   		CODE           	0C9E	0000	44
		_mapeo         		CODE           	0EA3	0000	163
		_setupADC      		CODE           	0CCA	0000	45

main.c estimated size: 1163

C:\Program Files\Microchip\xc8\v2.40\pic\sources\c90\common\xxtofl.c
		___xxtofl      		CODE           	0F46	0000	186

C:\Program Files\Microchip\xc8\v2.40\pic\sources\c90\common\xxtofl.c estimated size: 186

